Godot Engine v4.7.stable.official.5b4e0cb0f - https://godotengine.org

[   0% ] first_scan_filesystem | Started 项目初始化 (5 steps)
[   0% ] first_scan_filesystem | 正在扫描文件结构……
[  16% ] first_scan_filesystem | 正在加载全局类名……
[  33% ] first_scan_filesystem | 正在校验 GDExtension……
[  50% ] first_scan_filesystem | 正在创建自动加载脚本……
[  66% ] first_scan_filesystem | 正在初始化插件……
[  83% ] first_scan_filesystem | 正在启动文件扫描……
[ DONE ] first_scan_filesystem

[   0% ] export | Started 正在为 Android 导出 (105 steps)
ERROR: No project icon specified. Please specify one in the Project Settings under Application -> Config -> Icon
   at: load_icon_refs (platform/android/export/export_plugin.cpp:1941)
0 param: --xr_mode_regular
1 param: --xr-mode
2 param: off
3 param: --fullscreen
4 param: --background_color
5 param: #000000
[   0% ] export | 正在创建 APK……
ADDING: classes.dex
ADDING: classes10.dex
ADDING: classes11.dex
ADDING: classes12.dex
ADDING: classes13.dex
ADDING: classes2.dex
ADDING: classes3.dex
ADDING: classes4.dex
ADDING: classes5.dex
ADDING: classes6.dex
ADDING: classes7.dex
ADDING: classes8.dex
ADDING: classes9.dex
ADDING: lib/arm64-v8a/libc++_shared.so
ADDING: lib/arm64-v8a/libgodot_android.so
ADDING: lib/armeabi-v7a/libc++_shared.so
ADDING: lib/armeabi-v7a/libgodot_android.so
Adding application metadata org.godotengine.rendering.method
Adding application metadata org.godotengine.editor.version
Adding feature android.hardware.vulkan.level
Adding feature android.hardware.vulkan.version
ADDING: AndroidManifest.xml
ADDING: res/anim-v21/fragment_fast_out_extra_slow_in.xml
ADDING: res/animator/fragment_close_enter.xml
ADDING: res/animator/fragment_close_exit.xml
ADDING: res/animator/fragment_fade_enter.xml
ADDING: res/animator/fragment_fade_exit.xml
ADDING: res/animator/fragment_open_enter.xml
ADDING: res/animator/fragment_open_exit.xml
ADDING: res/drawable-hdpi-v4/notification_bg_low_normal.9.png
ADDING: res/drawable-hdpi-v4/notification_bg_low_pressed.9.png
ADDING: res/drawable-hdpi-v4/notification_bg_normal.9.png
ADDING: res/drawable-hdpi-v4/notification_bg_normal_pressed.9.png
ADDING: res/drawable-hdpi-v4/notify_panel_notification_icon_bg.png
ADDING: res/drawable-mdpi-v4/notification_bg_low_normal.9.png
ADDING: res/drawable-mdpi-v4/notification_bg_low_pressed.9.png
ADDING: res/drawable-mdpi-v4/notification_bg_normal.9.png
ADDING: res/drawable-mdpi-v4/notification_bg_normal_pressed.9.png
ADDING: res/drawable-mdpi-v4/notify_panel_notification_icon_bg.png
ADDING: res/drawable-v21/notification_action_background.xml
ADDING: res/drawable-v23/compat_splash_screen.xml
ADDING: res/drawable-v23/compat_splash_screen_no_icon_background.xml
ADDING: res/drawable-xhdpi-v4/notification_bg_low_normal.9.png
ADDING: res/drawable-xhdpi-v4/notification_bg_low_pressed.9.png
ADDING: res/drawable-xhdpi-v4/notification_bg_normal.9.png
ADDING: res/drawable-xhdpi-v4/notification_bg_normal_pressed.9.png
ADDING: res/drawable-xhdpi-v4/notify_panel_notification_icon_bg.png
ADDING: res/drawable/icon_background.xml
ADDING: res/drawable/notification_bg.xml
ADDING: res/drawable/notification_bg_low.xml
ADDING: res/drawable/notification_icon_background.xml
ADDING: res/drawable/notification_tile_bg.xml
ADDING: res/drawable/splash_branding_image.webp
ADDING: res/drawable/splash_icon.webp
ADDING: res/layout-v21/notification_action.xml
ADDING: res/layout-v21/notification_action_tombstone.xml
ADDING: res/layout-v21/notification_template_custom_big.xml
ADDING: res/layout-v21/notification_template_icon_group.xml
ADDING: res/layout/custom_dialog.xml
ADDING: res/layout/godot_app_layout.xml
ADDING: res/layout/notification_template_part_chronometer.xml
ADDING: res/layout/notification_template_part_time.xml
ADDING: res/layout/remote_godot_fragment_layout.xml
ADDING: res/layout/snackbar.xml
ADDING: res/layout/splash_screen_view.xml
ADDING: res/mipmap-anydpi-v26/icon.xml
ADDING: res/mipmap-hdpi-v4/icon.webp
ADDING: res/mipmap-hdpi-v4/icon_background.webp
ADDING: res/mipmap-hdpi-v4/icon_foreground.webp
ADDING: res/mipmap-hdpi-v4/icon_monochrome.webp
ADDING: res/mipmap-mdpi-v4/icon.webp
ADDING: res/mipmap-mdpi-v4/icon_background.webp
ADDING: res/mipmap-mdpi-v4/icon_foreground.webp
ADDING: res/mipmap-mdpi-v4/icon_monochrome.webp
ADDING: res/mipmap-xhdpi-v4/icon.webp
ADDING: res/mipmap-xhdpi-v4/icon_background.webp
ADDING: res/mipmap-xhdpi-v4/icon_foreground.webp
ADDING: res/mipmap-xhdpi-v4/icon_monochrome.webp
ADDING: res/mipmap-xxhdpi-v4/icon.webp
ADDING: res/mipmap-xxhdpi-v4/icon_background.webp
ADDING: res/mipmap-xxhdpi-v4/icon_foreground.webp
ADDING: res/mipmap-xxhdpi-v4/icon_monochrome.webp
ADDING: res/mipmap-xxxhdpi-v4/icon.webp
ADDING: res/mipmap-xxxhdpi-v4/icon_background.webp
ADDING: res/mipmap-xxxhdpi-v4/icon_foreground.webp
ADDING: res/mipmap-xxxhdpi-v4/icon_monochrome.webp
ADDING: res/mipmap/icon.webp
ADDING: res/mipmap/icon_background.webp
ADDING: res/mipmap/icon_foreground.webp
ADDING: res/mipmap/icon_monochrome.webp
ADDING: res/xml/godot_provider_paths.xml
ADDING: resources.arsc
ADDING: DebugProbesKt.bin
ADDING: kotlin/annotation/annotation.kotlin_builtins
ADDING: kotlin/collections/collections.kotlin_builtins
ADDING: kotlin/concurrent/atomics/atomics.kotlin_builtins
ADDING: kotlin/coroutines/coroutines.kotlin_builtins
ADDING: kotlin/internal/internal.kotlin_builtins
ADDING: kotlin/kotlin.kotlin_builtins
ADDING: kotlin/ranges/ranges.kotlin_builtins
ADDING: kotlin/reflect/reflect.kotlin_builtins
[   0% ] export | 正在添加文件……
[  97% ] export | 正在对齐 APK……
[  98% ] export | 正在签名调试 APK……
Signing binary using: 
C:/Users/admin/AppData/Local/Android/Sdk/build-tools/36.0.0/apksigner.bat sign --verbose --ks <REDACTED> --ks-pass pass:<REDACTED> --ks-key-alias <REDACTED> D:/github/autobattler/outputs/ThreeKingdom-debug-v0.1.1.apk
Signed

[  99% ] export | 正在校验 APK……
[ DONE ] export

